Archive member included because of file (symbol)

c:/altera/12.1/nios2eds/bin/gnu/h-i686-mingw32/bin/../lib/gcc/nios2-elf/4.1.2\libgcc.a(_si_to_sf.o)
                              obj/default/hello_world.o (__floatsisf)
c:/altera/12.1/nios2eds/bin/gnu/h-i686-mingw32/bin/../lib/gcc/nios2-elf/4.1.2\libgcc.a(_clzsi2.o)
                              c:/altera/12.1/nios2eds/bin/gnu/h-i686-mingw32/bin/../lib/gcc/nios2-elf/4.1.2\libgcc.a(_si_to_sf.o) (__clzsi2)
c:/altera/12.1/nios2eds/bin/gnu/h-i686-mingw32/bin/../lib/gcc/nios2-elf/4.1.2\libgcc.a(_pack_sf.o)
                              c:/altera/12.1/nios2eds/bin/gnu/h-i686-mingw32/bin/../lib/gcc/nios2-elf/4.1.2\libgcc.a(_si_to_sf.o) (__pack_f)
c:/altera/12.1/nios2eds/bin/gnu/h-i686-mingw32/bin/../lib/gcc/nios2-elf/4.1.2\libgcc.a(_clz.o)
                              c:/altera/12.1/nios2eds/bin/gnu/h-i686-mingw32/bin/../lib/gcc/nios2-elf/4.1.2\libgcc.a(_clzsi2.o) (__clz_tab)
../dsd_bsp\libhal_bsp.a(alt_dcache_flush.o)
                              obj/default/hello_world.o (alt_dcache_flush)
../dsd_bsp\libhal_bsp.a(alt_iic.o)
                              obj/default/hello_world.o (alt_ic_isr_register)
../dsd_bsp\libhal_bsp.a(alt_iic_isr_register.o)
                              ../dsd_bsp\libhal_bsp.a(alt_iic.o) (alt_iic_isr_register)
../dsd_bsp\libhal_bsp.a(alt_irq_entry.o)
                              ../dsd_bsp\libhal_bsp.a(alt_iic_isr_register.o) (alt_irq_entry)
../dsd_bsp\libhal_bsp.a(alt_irq_handler.o)
                              ../dsd_bsp\libhal_bsp.a(alt_iic_isr_register.o) (alt_irq_handler)
../dsd_bsp\libhal_bsp.a(alt_irq_vars.o)
                              ../dsd_bsp\libhal_bsp.a(alt_iic.o) (alt_irq_active)
../dsd_bsp\libhal_bsp.a(alt_load.o)
                              ../dsd_bsp/obj/HAL/src/crt0.o (alt_load)
../dsd_bsp\libhal_bsp.a(alt_sys_init.o)
                              obj/default/hello_world.o (alt_irq_init)
../dsd_bsp\libhal_bsp.a(altera_avalon_jtag_uart_fd.o)
                              ../dsd_bsp\libhal_bsp.a(alt_sys_init.o) (altera_avalon_jtag_uart_ioctl_fd)
../dsd_bsp\libhal_bsp.a(altera_avalon_jtag_uart_init.o)
                              ../dsd_bsp\libhal_bsp.a(altera_avalon_jtag_uart_fd.o) (altera_avalon_jtag_uart_close)
../dsd_bsp\libhal_bsp.a(altera_avalon_jtag_uart_ioctl.o)
                              ../dsd_bsp\libhal_bsp.a(altera_avalon_jtag_uart_fd.o) (altera_avalon_jtag_uart_ioctl)
../dsd_bsp\libhal_bsp.a(altera_avalon_jtag_uart_read.o)
                              ../dsd_bsp\libhal_bsp.a(altera_avalon_jtag_uart_fd.o) (altera_avalon_jtag_uart_read)
../dsd_bsp\libhal_bsp.a(altera_avalon_jtag_uart_write.o)
                              ../dsd_bsp\libhal_bsp.a(altera_avalon_jtag_uart_fd.o) (altera_avalon_jtag_uart_write)
../dsd_bsp\libhal_bsp.a(altera_avalon_timer_sc.o)
                              ../dsd_bsp\libhal_bsp.a(alt_sys_init.o) (alt_avalon_timer_sc_init)
../dsd_bsp\libhal_bsp.a(alt_alarm_start.o)
                              ../dsd_bsp\libhal_bsp.a(altera_avalon_jtag_uart_init.o) (alt_alarm_start)
../dsd_bsp\libhal_bsp.a(alt_dcache_flush_all.o)
                              ../dsd_bsp\libhal_bsp.a(alt_load.o) (alt_dcache_flush_all)
../dsd_bsp\libhal_bsp.a(alt_dev.o)
                              ../dsd_bsp\libhal_bsp.a(alt_sys_init.o) (alt_dev_list)
../dsd_bsp\libhal_bsp.a(alt_dev_llist_insert.o)
                              ../dsd_bsp\libhal_bsp.a(alt_sys_init.o) (alt_dev_llist_insert)
../dsd_bsp\libhal_bsp.a(alt_errno.o)
                              ../dsd_bsp\libhal_bsp.a(alt_dev_llist_insert.o) (alt_errno)
../dsd_bsp\libhal_bsp.a(alt_exception_entry.o)
                              ../dsd_bsp\libhal_bsp.a(alt_irq_entry.o) (alt_exception)
../dsd_bsp\libhal_bsp.a(alt_icache_flush_all.o)
                              ../dsd_bsp\libhal_bsp.a(alt_load.o) (alt_icache_flush_all)
../dsd_bsp\libhal_bsp.a(alt_tick.o)
                              ../dsd_bsp\libhal_bsp.a(altera_avalon_timer_sc.o) (alt_tick)
../dsd_bsp\libhal_bsp.a(altera_nios2_qsys_irq.o)
                              ../dsd_bsp\libhal_bsp.a(alt_sys_init.o) (altera_nios2_qsys_irq_init)
../dsd_bsp\libhal_bsp.a(alt_icache_flush.o)
                              ../dsd_bsp\libhal_bsp.a(alt_icache_flush_all.o) (alt_icache_flush)
c:/altera/12.1/nios2eds/bin/gnu/h-i686-mingw32/bin/../lib/gcc/nios2-elf/4.1.2/../../../../nios2-elf/lib\libc.a(lib_a-int_errno.o)
                              ../dsd_bsp\libhal_bsp.a(alt_dev_llist_insert.o) (errno)
c:/altera/12.1/nios2eds/bin/gnu/h-i686-mingw32/bin/../lib/gcc/nios2-elf/4.1.2/../../../../nios2-elf/lib\libc.a(lib_a-memcpy.o)
                              ../dsd_bsp\libhal_bsp.a(altera_avalon_jtag_uart_read.o) (memcpy)

Allocating common symbols
Common symbol       size              file

alt_irq             0x100             ../dsd_bsp\libhal_bsp.a(alt_irq_handler.o)
errno               0x4               c:/altera/12.1/nios2eds/bin/gnu/h-i686-mingw32/bin/../lib/gcc/nios2-elf/4.1.2/../../../../nios2-elf/lib\libc.a(lib_a-int_errno.o)
tempmat             0x4               obj/default/hello_world.o

Memory Configuration

Name             Origin             Length             Attributes
reset            0x04000000         0x00000020
sdram_0          0x04000020         0x007fffe0
*default*        0x00000000         0xffffffff

Linker script and memory map

LOAD ../dsd_bsp/obj/HAL/src/crt0.o
LOAD obj/default/hello_world.o
LOAD c:/altera/12.1/nios2eds/bin/gnu/h-i686-mingw32/bin/../lib/gcc/nios2-elf/4.1.2/../../../../nios2-elf/lib\libstdc++.a
LOAD c:/altera/12.1/nios2eds/bin/gnu/h-i686-mingw32/bin/../lib/gcc/nios2-elf/4.1.2/../../../../nios2-elf/lib\libm.a
LOAD c:/altera/12.1/nios2eds/bin/gnu/h-i686-mingw32/bin/../lib/gcc/nios2-elf/4.1.2\libgcc.a
START GROUP
LOAD c:/altera/12.1/nios2eds/bin/gnu/h-i686-mingw32/bin/../lib/gcc/nios2-elf/4.1.2/../../../../nios2-elf/lib\libc.a
LOAD c:/altera/12.1/nios2eds/bin/gnu/h-i686-mingw32/bin/../lib/gcc/nios2-elf/4.1.2\libgcc.a
LOAD ../dsd_bsp\libhal_bsp.a
END GROUP
LOAD c:/altera/12.1/nios2eds/bin/gnu/h-i686-mingw32/bin/../lib/gcc/nios2-elf/4.1.2\libgcc.a
                0x04000000                __alt_mem_sdram_0 = 0x4000000

.entry          0x04000000       0x20
 *(.entry)
 .entry         0x04000000       0x20 ../dsd_bsp/obj/HAL/src/crt0.o
                0x04000000                __reset

.exceptions     0x04000020      0x164
                0x04000020                PROVIDE (__ram_exceptions_start, ABSOLUTE (.))
                0x04000020                . = ALIGN (0x20)
 *(.irq)
 *(.exceptions.entry.label)
 .exceptions.entry.label
                0x04000020        0x0 ../dsd_bsp\libhal_bsp.a(alt_irq_entry.o)
                0x04000020                alt_irq_entry
 .exceptions.entry.label
                0x04000020        0x0 ../dsd_bsp\libhal_bsp.a(alt_exception_entry.o)
                0x04000020                alt_exception
 *(.exceptions.entry.user)
 *(.exceptions.entry)
 .exceptions.entry
                0x04000020       0x54 ../dsd_bsp\libhal_bsp.a(alt_exception_entry.o)
 *(.exceptions.irqtest.user)
 *(.exceptions.irqtest)
 .exceptions.irqtest
                0x04000074       0x10 ../dsd_bsp\libhal_bsp.a(alt_irq_entry.o)
 *(.exceptions.irqhandler.user)
 *(.exceptions.irqhandler)
 .exceptions.irqhandler
                0x04000084        0x4 ../dsd_bsp\libhal_bsp.a(alt_irq_entry.o)
 *(.exceptions.irqreturn.user)
 *(.exceptions.irqreturn)
 .exceptions.irqreturn
                0x04000088        0x4 ../dsd_bsp\libhal_bsp.a(alt_irq_entry.o)
 *(.exceptions.notirq.label)
 .exceptions.notirq.label
                0x0400008c        0x0 ../dsd_bsp\libhal_bsp.a(alt_irq_entry.o)
 *(.exceptions.notirq.user)
 *(.exceptions.notirq)
 .exceptions.notirq
                0x0400008c        0x8 ../dsd_bsp\libhal_bsp.a(alt_exception_entry.o)
 *(.exceptions.soft.user)
 *(.exceptions.soft)
 *(.exceptions.unknown.user)
 *(.exceptions.unknown)
 .exceptions.unknown
                0x04000094        0x4 ../dsd_bsp\libhal_bsp.a(alt_exception_entry.o)
 *(.exceptions.exit.label)
 .exceptions.exit.label
                0x04000098        0x0 ../dsd_bsp\libhal_bsp.a(alt_irq_entry.o)
 .exceptions.exit.label
                0x04000098        0x0 ../dsd_bsp\libhal_bsp.a(alt_exception_entry.o)
 *(.exceptions.exit.user)
 *(.exceptions.exit)
 .exceptions.exit
                0x04000098       0x54 ../dsd_bsp\libhal_bsp.a(alt_exception_entry.o)
 *(.exceptions)
 .exceptions    0x040000ec       0x98 ../dsd_bsp\libhal_bsp.a(alt_irq_handler.o)
                0x040000ec                alt_irq_handler
                0x04000184                PROVIDE (__ram_exceptions_end, ABSOLUTE (.))
                0x04000020                PROVIDE (__flash_exceptions_start, LOADADDR (.exceptions))

.text           0x04000184      0xf84
                0x04000184                PROVIDE (stext, ABSOLUTE (.))
 *(.interp)
 *(.hash)
 *(.dynsym)
 *(.dynstr)
 *(.gnu.version)
 *(.gnu.version_d)
 *(.gnu.version_r)
 *(.rel.init)
 *(.rela.init)
 *(.rel.text .rel.text.* .rel.gnu.linkonce.t.*)
 *(.rela.text .rela.text.* .rela.gnu.linkonce.t.*)
 *(.rel.fini)
 *(.rela.fini)
 *(.rel.rodata .rel.rodata.* .rel.gnu.linkonce.r.*)
 *(.rela.rodata .rela.rodata.* .rela.gnu.linkonce.r.*)
 *(.rel.data .rel.data.* .rel.gnu.linkonce.d.*)
 *(.rela.data .rela.data.* .rela.gnu.linkonce.d.*)
 *(.rel.tdata .rel.tdata.* .rel.gnu.linkonce.td.*)
 *(.rela.tdata .rela.tdata.* .rela.gnu.linkonce.td.*)
 *(.rel.tbss .rel.tbss.* .rel.gnu.linkonce.tb.*)
 *(.rela.tbss .rela.tbss.* .rela.gnu.linkonce.tb.*)
 *(.rel.ctors)
 *(.rela.ctors)
 *(.rel.dtors)
 *(.rela.dtors)
 *(.rel.got)
 *(.rela.got)
 *(.rel.sdata .rel.sdata.* .rel.gnu.linkonce.s.*)
 *(.rela.sdata .rela.sdata.* .rela.gnu.linkonce.s.*)
 *(.rel.sbss .rel.sbss.* .rel.gnu.linkonce.sb.*)
 *(.rela.sbss .rela.sbss.* .rela.gnu.linkonce.sb.*)
 *(.rel.sdata2 .rel.sdata2.* .rel.gnu.linkonce.s2.*)
 *(.rela.sdata2 .rela.sdata2.* .rela.gnu.linkonce.s2.*)
 *(.rel.sbss2 .rel.sbss2.* .rel.gnu.linkonce.sb2.*)
 *(.rela.sbss2 .rela.sbss2.* .rela.gnu.linkonce.sb2.*)
 *(.rel.bss .rel.bss.* .rel.gnu.linkonce.b.*)
 *(.rela.bss .rela.bss.* .rela.gnu.linkonce.b.*)
 *(.rel.plt)
 *(.rela.plt)
 *(.rel.dyn)
 *(.init)
 *(.plt)
 *(.text .stub .text.* .gnu.linkonce.t.*)
 .text          0x04000184       0x1c ../dsd_bsp/obj/HAL/src/crt0.o
                0x04000184                _start
 .text          0x040001a0      0x154 obj/default/hello_world.o
                0x040001a0                det_start
                0x040001ec                reg_isr
                0x0400021c                det_result
                0x0400023c                det_status
                0x04000248                det_done_isr
                0x0400025c                main
                0x040002f0                alt_main
 .text          0x040002f4       0x98 c:/altera/12.1/nios2eds/bin/gnu/h-i686-mingw32/bin/../lib/gcc/nios2-elf/4.1.2\libgcc.a(_si_to_sf.o)
                0x040002f4                __floatsisf
 .text          0x0400038c       0x80 c:/altera/12.1/nios2eds/bin/gnu/h-i686-mingw32/bin/../lib/gcc/nios2-elf/4.1.2\libgcc.a(_clzsi2.o)
                0x0400038c                __clzsi2
 .text          0x0400040c      0x160 c:/altera/12.1/nios2eds/bin/gnu/h-i686-mingw32/bin/../lib/gcc/nios2-elf/4.1.2\libgcc.a(_pack_sf.o)
                0x0400040c                __pack_f
 .text          0x0400056c        0x0 c:/altera/12.1/nios2eds/bin/gnu/h-i686-mingw32/bin/../lib/gcc/nios2-elf/4.1.2\libgcc.a(_clz.o)
 .text          0x0400056c        0x4 ../dsd_bsp\libhal_bsp.a(alt_dcache_flush.o)
                0x0400056c                alt_dcache_flush
 .text          0x04000570       0x9c ../dsd_bsp\libhal_bsp.a(alt_iic.o)
                0x04000570                alt_ic_irq_enabled
                0x04000588                alt_ic_irq_enable
                0x040005c8                alt_ic_irq_disable
                0x04000608                alt_ic_isr_register
 .text          0x0400060c       0x88 ../dsd_bsp\libhal_bsp.a(alt_iic_isr_register.o)
                0x0400060c                alt_iic_isr_register
 .text          0x04000694        0x0 ../dsd_bsp\libhal_bsp.a(alt_irq_entry.o)
 .text          0x04000694        0x0 ../dsd_bsp\libhal_bsp.a(alt_irq_handler.o)
 .text          0x04000694        0x0 ../dsd_bsp\libhal_bsp.a(alt_irq_vars.o)
 .text          0x04000694       0xb4 ../dsd_bsp\libhal_bsp.a(alt_load.o)
                0x04000694                alt_load
 .text          0x04000748       0x78 ../dsd_bsp\libhal_bsp.a(alt_sys_init.o)
                0x04000748                alt_sys_init
                0x040007a0                alt_irq_init
 .text          0x040007c0       0x3c ../dsd_bsp\libhal_bsp.a(altera_avalon_jtag_uart_fd.o)
                0x040007c0                altera_avalon_jtag_uart_ioctl_fd
                0x040007cc                altera_avalon_jtag_uart_close_fd
                0x040007dc                altera_avalon_jtag_uart_write_fd
                0x040007ec                altera_avalon_jtag_uart_read_fd
 .text          0x040007fc      0x214 ../dsd_bsp\libhal_bsp.a(altera_avalon_jtag_uart_init.o)
                0x040007fc                altera_avalon_jtag_uart_close
                0x04000888                altera_avalon_jtag_uart_init
 .text          0x04000a10       0x88 ../dsd_bsp\libhal_bsp.a(altera_avalon_jtag_uart_ioctl.o)
                0x04000a10                altera_avalon_jtag_uart_ioctl
 .text          0x04000a98      0x16c ../dsd_bsp\libhal_bsp.a(altera_avalon_jtag_uart_read.o)
                0x04000a98                altera_avalon_jtag_uart_read
 .text          0x04000c04      0x17c ../dsd_bsp\libhal_bsp.a(altera_avalon_jtag_uart_write.o)
                0x04000c04                altera_avalon_jtag_uart_write
 .text          0x04000d80       0x8c ../dsd_bsp\libhal_bsp.a(altera_avalon_timer_sc.o)
                0x04000d80                alt_avalon_timer_sc_init
 .text          0x04000e0c       0x94 ../dsd_bsp\libhal_bsp.a(alt_alarm_start.o)
                0x04000e0c                alt_alarm_start
 .text          0x04000ea0        0x4 ../dsd_bsp\libhal_bsp.a(alt_dcache_flush_all.o)
                0x04000ea0                alt_dcache_flush_all
 .text          0x04000ea4        0x8 ../dsd_bsp\libhal_bsp.a(alt_dev.o)
 .text          0x04000eac       0x7c ../dsd_bsp\libhal_bsp.a(alt_dev_llist_insert.o)
                0x04000eac                alt_dev_llist_insert
 .text          0x04000f28        0x0 ../dsd_bsp\libhal_bsp.a(alt_errno.o)
 .text          0x04000f28        0x0 ../dsd_bsp\libhal_bsp.a(alt_exception_entry.o)
 .text          0x04000f28        0xc ../dsd_bsp\libhal_bsp.a(alt_icache_flush_all.o)
                0x04000f28                alt_icache_flush_all
 .text          0x04000f34       0xf4 ../dsd_bsp\libhal_bsp.a(alt_tick.o)
                0x04000f34                alt_alarm_stop
                0x04000f68                alt_tick
 .text          0x04001028        0x8 ../dsd_bsp\libhal_bsp.a(altera_nios2_qsys_irq.o)
                0x04001028                altera_nios2_qsys_irq_init
 .text          0x04001030       0x38 ../dsd_bsp\libhal_bsp.a(alt_icache_flush.o)
                0x04001030                alt_icache_flush
 .text          0x04001068        0x0 c:/altera/12.1/nios2eds/bin/gnu/h-i686-mingw32/bin/../lib/gcc/nios2-elf/4.1.2/../../../../nios2-elf/lib\libc.a(lib_a-int_errno.o)
 .text          0x04001068       0xa0 c:/altera/12.1/nios2eds/bin/gnu/h-i686-mingw32/bin/../lib/gcc/nios2-elf/4.1.2/../../../../nios2-elf/lib\libc.a(lib_a-memcpy.o)
                0x04001068                memcpy
 *(.gnu.warning.*)
 *(.fini)
                0x04001108                PROVIDE (__etext, ABSOLUTE (.))
                0x04001108                PROVIDE (_etext, ABSOLUTE (.))
                0x04001108                PROVIDE (etext, ABSOLUTE (.))
 *(.eh_frame_hdr)
                0x04001108                . = ALIGN (0x4)
                0x04001108                PROVIDE (__preinit_array_start, ABSOLUTE (.))
 *(.preinit_array)
                0x04001108                PROVIDE (__preinit_array_end, ABSOLUTE (.))
                0x04001108                PROVIDE (__init_array_start, ABSOLUTE (.))
 *(.init_array)
                0x04001108                PROVIDE (__init_array_end, ABSOLUTE (.))
                0x04001108                PROVIDE (__fini_array_start, ABSOLUTE (.))
 *(.fini_array)
                0x04001108                PROVIDE (__fini_array_end, ABSOLUTE (.))
 *(.eh_frame)
 *(.gcc_except_table)
 *(.dynamic)
                0x04001108                PROVIDE (__CTOR_LIST__, ABSOLUTE (.))
 *(.ctors)
 *(SORT(.ctors.*))
                0x04001108                PROVIDE (__CTOR_END__, ABSOLUTE (.))
                0x04001108                PROVIDE (__DTOR_LIST__, ABSOLUTE (.))
 *(.dtors)
 *(SORT(.dtors.*))
                0x04001108                PROVIDE (__DTOR_END__, ABSOLUTE (.))
 *(.jcr)
                0x04001108                . = ALIGN (0x4)

.rodata         0x04001108      0x11c
                0x04001108                PROVIDE (__ram_rodata_start, ABSOLUTE (.))
                0x04001108                . = ALIGN (0x4)
 *(.rodata .rodata.* .gnu.linkonce.r.*)
 .rodata        0x04001108      0x100 c:/altera/12.1/nios2eds/bin/gnu/h-i686-mingw32/bin/../lib/gcc/nios2-elf/4.1.2\libgcc.a(_clz.o)
                0x04001108                __clz_tab
 .rodata.str1.4
                0x04001208        0xf ../dsd_bsp\libhal_bsp.a(alt_sys_init.o)
                                 0x10 (size before relaxing)
 *fill*         0x04001217        0x1 00
 .rodata.str1.4
                0x04001218        0xc ../dsd_bsp\libhal_bsp.a(alt_dev.o)
 *(.rodata1)
                0x04001224                . = ALIGN (0x4)
                0x04001224                PROVIDE (__ram_rodata_end, ABSOLUTE (.))
                0x04001108                PROVIDE (__flash_rodata_start, LOADADDR (.rodata))

.rwdata         0x04001224     0x122c load address 0x04002450
                0x04001224                PROVIDE (__ram_rwdata_start, ABSOLUTE (.))
                0x04001224                . = ALIGN (0x4)
 *(.got.plt)
 *(.got)
 *(.data1)
 *(.data .data.* .gnu.linkonce.d.*)
 .data          0x04001224        0x0 ../dsd_bsp/obj/HAL/src/crt0.o
 .data          0x04001224        0x0 obj/default/hello_world.o
 .data          0x04001224        0x0 c:/altera/12.1/nios2eds/bin/gnu/h-i686-mingw32/bin/../lib/gcc/nios2-elf/4.1.2\libgcc.a(_si_to_sf.o)
 .data          0x04001224        0x0 c:/altera/12.1/nios2eds/bin/gnu/h-i686-mingw32/bin/../lib/gcc/nios2-elf/4.1.2\libgcc.a(_clzsi2.o)
 .data          0x04001224        0x0 c:/altera/12.1/nios2eds/bin/gnu/h-i686-mingw32/bin/../lib/gcc/nios2-elf/4.1.2\libgcc.a(_pack_sf.o)
 .data          0x04001224        0x0 c:/altera/12.1/nios2eds/bin/gnu/h-i686-mingw32/bin/../lib/gcc/nios2-elf/4.1.2\libgcc.a(_clz.o)
 .data          0x04001224        0x0 ../dsd_bsp\libhal_bsp.a(alt_dcache_flush.o)
 .data          0x04001224        0x0 ../dsd_bsp\libhal_bsp.a(alt_iic.o)
 .data          0x04001224        0x0 ../dsd_bsp\libhal_bsp.a(alt_iic_isr_register.o)
 .data          0x04001224        0x0 ../dsd_bsp\libhal_bsp.a(alt_irq_entry.o)
 .data          0x04001224        0x0 ../dsd_bsp\libhal_bsp.a(alt_irq_handler.o)
 .data          0x04001224        0x0 ../dsd_bsp\libhal_bsp.a(alt_irq_vars.o)
 .data          0x04001224        0x0 ../dsd_bsp\libhal_bsp.a(alt_load.o)
 .data          0x04001224     0x1060 ../dsd_bsp\libhal_bsp.a(alt_sys_init.o)
 .data          0x04002284        0x0 ../dsd_bsp\libhal_bsp.a(altera_avalon_jtag_uart_fd.o)
 .data          0x04002284        0x0 ../dsd_bsp\libhal_bsp.a(altera_avalon_jtag_uart_init.o)
 .data          0x04002284        0x0 ../dsd_bsp\libhal_bsp.a(altera_avalon_jtag_uart_ioctl.o)
 .data          0x04002284        0x0 ../dsd_bsp\libhal_bsp.a(altera_avalon_jtag_uart_read.o)
 .data          0x04002284        0x0 ../dsd_bsp\libhal_bsp.a(altera_avalon_jtag_uart_write.o)
 .data          0x04002284        0x0 ../dsd_bsp\libhal_bsp.a(altera_avalon_timer_sc.o)
 .data          0x04002284        0x0 ../dsd_bsp\libhal_bsp.a(alt_alarm_start.o)
 .data          0x04002284        0x0 ../dsd_bsp\libhal_bsp.a(alt_dcache_flush_all.o)
 .data          0x04002284      0x1a8 ../dsd_bsp\libhal_bsp.a(alt_dev.o)
                0x04002284                alt_dev_null
                0x040022ac                alt_fd_list
 .data          0x0400242c        0x0 ../dsd_bsp\libhal_bsp.a(alt_dev_llist_insert.o)
 .data          0x0400242c        0x0 ../dsd_bsp\libhal_bsp.a(alt_errno.o)
 .data          0x0400242c        0x0 ../dsd_bsp\libhal_bsp.a(alt_exception_entry.o)
 .data          0x0400242c        0x0 ../dsd_bsp\libhal_bsp.a(alt_icache_flush_all.o)
 .data          0x0400242c        0x0 ../dsd_bsp\libhal_bsp.a(alt_tick.o)
 .data          0x0400242c        0x0 ../dsd_bsp\libhal_bsp.a(altera_nios2_qsys_irq.o)
 .data          0x0400242c        0x0 ../dsd_bsp\libhal_bsp.a(alt_icache_flush.o)
 .data          0x0400242c        0x0 c:/altera/12.1/nios2eds/bin/gnu/h-i686-mingw32/bin/../lib/gcc/nios2-elf/4.1.2/../../../../nios2-elf/lib\libc.a(lib_a-int_errno.o)
 .data          0x0400242c        0x0 c:/altera/12.1/nios2eds/bin/gnu/h-i686-mingw32/bin/../lib/gcc/nios2-elf/4.1.2/../../../../nios2-elf/lib\libc.a(lib_a-memcpy.o)
                0x0400a42c                _gp = ABSOLUTE ((. + 0x8000))
                0x0400a42c                PROVIDE (gp, _gp)
 *(.rwdata .rwdata.*)
 *(.sdata .sdata.* .gnu.linkonce.s.*)
 .sdata         0x0400242c        0x4 ../dsd_bsp\libhal_bsp.a(alt_irq_vars.o)
                0x0400242c                alt_priority_mask
 .sdata         0x04002430       0x14 ../dsd_bsp\libhal_bsp.a(alt_dev.o)
                0x04002430                alt_fs_list
                0x04002438                alt_dev_list
                0x04002440                alt_max_fd
 .sdata         0x04002444        0x4 ../dsd_bsp\libhal_bsp.a(alt_errno.o)
                0x04002444                alt_errno
 .sdata         0x04002448        0x8 ../dsd_bsp\libhal_bsp.a(alt_tick.o)
                0x04002448                alt_alarm_list
 *(.sdata2 .sdata2.* .gnu.linkonce.s2.*)
                0x04002450                . = ALIGN (0x4)
                0x04002450                _edata = ABSOLUTE (.)
                0x04002450                PROVIDE (edata, ABSOLUTE (.))
                0x04002450                PROVIDE (__ram_rwdata_end, ABSOLUTE (.))
                0x04002450                PROVIDE (__flash_rwdata_start, LOADADDR (.rwdata))

.bss            0x0400367c      0x118
                0x0400367c                __bss_start = ABSOLUTE (.)
                0x0400367c                PROVIDE (__sbss_start, ABSOLUTE (.))
                0x0400367c                PROVIDE (___sbss_start, ABSOLUTE (.))
 *(.dynsbss)
 *(.sbss .sbss.* .gnu.linkonce.sb.*)
 .sbss          0x0400367c        0x4 obj/default/hello_world.o
                0x0400367c                irqcommunicationtest
 .sbss          0x04003680        0x4 obj/default/hello_world.o
                0x04003680                tempmat
 .sbss          0x04003684        0x4 ../dsd_bsp\libhal_bsp.a(alt_irq_vars.o)
                0x04003684                alt_irq_active
 .sbss          0x04003688        0x8 ../dsd_bsp\libhal_bsp.a(alt_tick.o)
                0x04003688                _alt_tick_rate
                0x0400368c                _alt_nticks
 .sbss          0x04003690        0x4 c:/altera/12.1/nios2eds/bin/gnu/h-i686-mingw32/bin/../lib/gcc/nios2-elf/4.1.2/../../../../nios2-elf/lib\libc.a(lib_a-int_errno.o)
                0x04003690                errno
 *(.sbss2 .sbss2.* .gnu.linkonce.sb2.*)
 *(.scommon)
                0x04003694                PROVIDE (__sbss_end, ABSOLUTE (.))
                0x04003694                PROVIDE (___sbss_end, ABSOLUTE (.))
 *(.dynbss)
 *(.bss .bss.* .gnu.linkonce.b.*)
 .bss           0x04003694        0x0 ../dsd_bsp/obj/HAL/src/crt0.o
 .bss           0x04003694        0x0 obj/default/hello_world.o
 .bss           0x04003694        0x0 c:/altera/12.1/nios2eds/bin/gnu/h-i686-mingw32/bin/../lib/gcc/nios2-elf/4.1.2\libgcc.a(_si_to_sf.o)
 .bss           0x04003694        0x0 c:/altera/12.1/nios2eds/bin/gnu/h-i686-mingw32/bin/../lib/gcc/nios2-elf/4.1.2\libgcc.a(_clzsi2.o)
 .bss           0x04003694        0x0 c:/altera/12.1/nios2eds/bin/gnu/h-i686-mingw32/bin/../lib/gcc/nios2-elf/4.1.2\libgcc.a(_pack_sf.o)
 .bss           0x04003694        0x0 c:/altera/12.1/nios2eds/bin/gnu/h-i686-mingw32/bin/../lib/gcc/nios2-elf/4.1.2\libgcc.a(_clz.o)
 .bss           0x04003694        0x0 ../dsd_bsp\libhal_bsp.a(alt_dcache_flush.o)
 .bss           0x04003694        0x0 ../dsd_bsp\libhal_bsp.a(alt_iic.o)
 .bss           0x04003694        0x0 ../dsd_bsp\libhal_bsp.a(alt_iic_isr_register.o)
 .bss           0x04003694        0x0 ../dsd_bsp\libhal_bsp.a(alt_irq_entry.o)
 .bss           0x04003694        0x0 ../dsd_bsp\libhal_bsp.a(alt_irq_handler.o)
 .bss           0x04003694        0x0 ../dsd_bsp\libhal_bsp.a(alt_irq_vars.o)
 .bss           0x04003694        0x0 ../dsd_bsp\libhal_bsp.a(alt_load.o)
 .bss           0x04003694        0x0 ../dsd_bsp\libhal_bsp.a(alt_sys_init.o)
 .bss           0x04003694        0x0 ../dsd_bsp\libhal_bsp.a(altera_avalon_jtag_uart_fd.o)
 .bss           0x04003694        0x0 ../dsd_bsp\libhal_bsp.a(altera_avalon_jtag_uart_init.o)
 .bss           0x04003694        0x0 ../dsd_bsp\libhal_bsp.a(altera_avalon_jtag_uart_ioctl.o)
 .bss           0x04003694        0x0 ../dsd_bsp\libhal_bsp.a(altera_avalon_jtag_uart_read.o)
 .bss           0x04003694        0x0 ../dsd_bsp\libhal_bsp.a(altera_avalon_jtag_uart_write.o)
 .bss           0x04003694        0x0 ../dsd_bsp\libhal_bsp.a(altera_avalon_timer_sc.o)
 .bss           0x04003694        0x0 ../dsd_bsp\libhal_bsp.a(alt_alarm_start.o)
 .bss           0x04003694        0x0 ../dsd_bsp\libhal_bsp.a(alt_dcache_flush_all.o)
 .bss           0x04003694        0x0 ../dsd_bsp\libhal_bsp.a(alt_dev.o)
 .bss           0x04003694        0x0 ../dsd_bsp\libhal_bsp.a(alt_dev_llist_insert.o)
 .bss           0x04003694        0x0 ../dsd_bsp\libhal_bsp.a(alt_errno.o)
 .bss           0x04003694        0x0 ../dsd_bsp\libhal_bsp.a(alt_exception_entry.o)
 .bss           0x04003694        0x0 ../dsd_bsp\libhal_bsp.a(alt_icache_flush_all.o)
 .bss           0x04003694        0x0 ../dsd_bsp\libhal_bsp.a(alt_tick.o)
 .bss           0x04003694        0x0 ../dsd_bsp\libhal_bsp.a(altera_nios2_qsys_irq.o)
 .bss           0x04003694        0x0 ../dsd_bsp\libhal_bsp.a(alt_icache_flush.o)
 .bss           0x04003694        0x0 c:/altera/12.1/nios2eds/bin/gnu/h-i686-mingw32/bin/../lib/gcc/nios2-elf/4.1.2/../../../../nios2-elf/lib\libc.a(lib_a-int_errno.o)
 .bss           0x04003694        0x0 c:/altera/12.1/nios2eds/bin/gnu/h-i686-mingw32/bin/../lib/gcc/nios2-elf/4.1.2/../../../../nios2-elf/lib\libc.a(lib_a-memcpy.o)
 *(COMMON)
 COMMON         0x04003694      0x100 ../dsd_bsp\libhal_bsp.a(alt_irq_handler.o)
                0x04003694                alt_irq
                0x04003794                . = ALIGN (0x4)
                0x04003794                __bss_end = ABSOLUTE (.)

.sdram_0        0x04003794        0x0
                0x04003794                PROVIDE (_alt_partition_sdram_0_start, ABSOLUTE (.))
 *(.sdram_0. sdram_0.*)
                0x04003794                . = ALIGN (0x4)
                0x04003794                PROVIDE (_alt_partition_sdram_0_end, ABSOLUTE (.))
                0x04003794                _end = ABSOLUTE (.)
                0x04003794                end = ABSOLUTE (.)
                0x04003794                __alt_stack_base = ABSOLUTE (.)
                0x04003794                PROVIDE (_alt_partition_sdram_0_load_addr, LOADADDR (.sdram_0))

.stab
 *(.stab)

.stabstr
 *(.stabstr)

.stab.excl
 *(.stab.excl)

.stab.exclstr
 *(.stab.exclstr)

.stab.index
 *(.stab.index)

.stab.indexstr
 *(.stab.indexstr)

.comment        0x00000000       0x23
 *(.comment)
 .comment       0x00000000       0x23 obj/default/hello_world.o
                                 0x24 (size before relaxing)
 .comment       0x00000000       0x24 c:/altera/12.1/nios2eds/bin/gnu/h-i686-mingw32/bin/../lib/gcc/nios2-elf/4.1.2\libgcc.a(_si_to_sf.o)
 .comment       0x00000000       0x24 c:/altera/12.1/nios2eds/bin/gnu/h-i686-mingw32/bin/../lib/gcc/nios2-elf/4.1.2\libgcc.a(_clzsi2.o)
 .comment       0x00000000       0x24 c:/altera/12.1/nios2eds/bin/gnu/h-i686-mingw32/bin/../lib/gcc/nios2-elf/4.1.2\libgcc.a(_pack_sf.o)
 .comment       0x00000000       0x24 c:/altera/12.1/nios2eds/bin/gnu/h-i686-mingw32/bin/../lib/gcc/nios2-elf/4.1.2\libgcc.a(_clz.o)
 .comment       0x00000000       0x24 ../dsd_bsp\libhal_bsp.a(alt_dcache_flush.o)
 .comment       0x00000000       0x24 ../dsd_bsp\libhal_bsp.a(alt_iic.o)
 .comment       0x00000000       0x24 ../dsd_bsp\libhal_bsp.a(alt_iic_isr_register.o)
 .comment       0x00000000       0x24 ../dsd_bsp\libhal_bsp.a(alt_irq_handler.o)
 .comment       0x00000000       0x24 ../dsd_bsp\libhal_bsp.a(alt_irq_vars.o)
 .comment       0x00000000       0x24 ../dsd_bsp\libhal_bsp.a(alt_load.o)
 .comment       0x00000000       0x24 ../dsd_bsp\libhal_bsp.a(alt_sys_init.o)
 .comment       0x00000000       0x24 ../dsd_bsp\libhal_bsp.a(altera_avalon_jtag_uart_fd.o)
 .comment       0x00000000       0x24 ../dsd_bsp\libhal_bsp.a(altera_avalon_jtag_uart_init.o)
 .comment       0x00000000       0x24 ../dsd_bsp\libhal_bsp.a(altera_avalon_jtag_uart_ioctl.o)
 .comment       0x00000000       0x24 ../dsd_bsp\libhal_bsp.a(altera_avalon_jtag_uart_read.o)
 .comment       0x00000000       0x24 ../dsd_bsp\libhal_bsp.a(altera_avalon_jtag_uart_write.o)
 .comment       0x00000000       0x24 ../dsd_bsp\libhal_bsp.a(altera_avalon_timer_sc.o)
 .comment       0x00000000       0x24 ../dsd_bsp\libhal_bsp.a(alt_alarm_start.o)
 .comment       0x00000000       0x24 ../dsd_bsp\libhal_bsp.a(alt_dcache_flush_all.o)
 .comment       0x00000000       0x24 ../dsd_bsp\libhal_bsp.a(alt_dev.o)
 .comment       0x00000000       0x24 ../dsd_bsp\libhal_bsp.a(alt_dev_llist_insert.o)
 .comment       0x00000000       0x24 ../dsd_bsp\libhal_bsp.a(alt_errno.o)
 .comment       0x00000000       0x24 ../dsd_bsp\libhal_bsp.a(alt_icache_flush_all.o)
 .comment       0x00000000       0x24 ../dsd_bsp\libhal_bsp.a(alt_tick.o)
 .comment       0x00000000       0x24 ../dsd_bsp\libhal_bsp.a(altera_nios2_qsys_irq.o)
 .comment       0x00000000       0x24 ../dsd_bsp\libhal_bsp.a(alt_icache_flush.o)
 .comment       0x00000000       0x24 c:/altera/12.1/nios2eds/bin/gnu/h-i686-mingw32/bin/../lib/gcc/nios2-elf/4.1.2/../../../../nios2-elf/lib\libc.a(lib_a-int_errno.o)
 .comment       0x00000000       0x24 c:/altera/12.1/nios2eds/bin/gnu/h-i686-mingw32/bin/../lib/gcc/nios2-elf/4.1.2/../../../../nios2-elf/lib\libc.a(lib_a-memcpy.o)

.debug
 *(.debug)

.line
 *(.line)

.debug_srcinfo
 *(.debug_srcinfo)

.debug_sfnames
 *(.debug_sfnames)

.debug_aranges  0x00000000      0x130
 *(.debug_aranges)
 .debug_aranges
                0x00000000       0x28 ../dsd_bsp/obj/HAL/src/crt0.o
 .debug_aranges
                0x00000028       0x20 obj/default/hello_world.o
 .debug_aranges
                0x00000048       0x20 c:/altera/12.1/nios2eds/bin/gnu/h-i686-mingw32/bin/../lib/gcc/nios2-elf/4.1.2\libgcc.a(_si_to_sf.o)
 .debug_aranges
                0x00000068       0x20 c:/altera/12.1/nios2eds/bin/gnu/h-i686-mingw32/bin/../lib/gcc/nios2-elf/4.1.2\libgcc.a(_clzsi2.o)
 .debug_aranges
                0x00000088       0x20 c:/altera/12.1/nios2eds/bin/gnu/h-i686-mingw32/bin/../lib/gcc/nios2-elf/4.1.2\libgcc.a(_pack_sf.o)
 .debug_aranges
                0x000000a8       0x30 ../dsd_bsp\libhal_bsp.a(alt_irq_entry.o)
 .debug_aranges
                0x000000d8       0x38 ../dsd_bsp\libhal_bsp.a(alt_exception_entry.o)
 .debug_aranges
                0x00000110       0x20 c:/altera/12.1/nios2eds/bin/gnu/h-i686-mingw32/bin/../lib/gcc/nios2-elf/4.1.2/../../../../nios2-elf/lib\libc.a(lib_a-memcpy.o)

.debug_pubnames
                0x00000000      0x14f
 *(.debug_pubnames)
 .debug_pubnames
                0x00000000       0x96 obj/default/hello_world.o
 .debug_pubnames
                0x00000096       0x22 c:/altera/12.1/nios2eds/bin/gnu/h-i686-mingw32/bin/../lib/gcc/nios2-elf/4.1.2\libgcc.a(_si_to_sf.o)
 .debug_pubnames
                0x000000b8       0x1f c:/altera/12.1/nios2eds/bin/gnu/h-i686-mingw32/bin/../lib/gcc/nios2-elf/4.1.2\libgcc.a(_clzsi2.o)
 .debug_pubnames
                0x000000d7       0x1f c:/altera/12.1/nios2eds/bin/gnu/h-i686-mingw32/bin/../lib/gcc/nios2-elf/4.1.2\libgcc.a(_pack_sf.o)
 .debug_pubnames
                0x000000f6       0x20 c:/altera/12.1/nios2eds/bin/gnu/h-i686-mingw32/bin/../lib/gcc/nios2-elf/4.1.2\libgcc.a(_clz.o)
 .debug_pubnames
                0x00000116       0x1c c:/altera/12.1/nios2eds/bin/gnu/h-i686-mingw32/bin/../lib/gcc/nios2-elf/4.1.2/../../../../nios2-elf/lib\libc.a(lib_a-int_errno.o)
 .debug_pubnames
                0x00000132       0x1d c:/altera/12.1/nios2eds/bin/gnu/h-i686-mingw32/bin/../lib/gcc/nios2-elf/4.1.2/../../../../nios2-elf/lib\libc.a(lib_a-memcpy.o)

.debug_info     0x00000000      0xbfb
 *(.debug_info .gnu.linkonce.wi.*)
 .debug_info    0x00000000       0x62 ../dsd_bsp/obj/HAL/src/crt0.o
 .debug_info    0x00000062      0x22c obj/default/hello_world.o
 .debug_info    0x0000028e      0x214 c:/altera/12.1/nios2eds/bin/gnu/h-i686-mingw32/bin/../lib/gcc/nios2-elf/4.1.2\libgcc.a(_si_to_sf.o)
 .debug_info    0x000004a2      0x130 c:/altera/12.1/nios2eds/bin/gnu/h-i686-mingw32/bin/../lib/gcc/nios2-elf/4.1.2\libgcc.a(_clzsi2.o)
 .debug_info    0x000005d2      0x2f2 c:/altera/12.1/nios2eds/bin/gnu/h-i686-mingw32/bin/../lib/gcc/nios2-elf/4.1.2\libgcc.a(_pack_sf.o)
 .debug_info    0x000008c4       0xc9 c:/altera/12.1/nios2eds/bin/gnu/h-i686-mingw32/bin/../lib/gcc/nios2-elf/4.1.2\libgcc.a(_clz.o)
 .debug_info    0x0000098d       0x6b ../dsd_bsp\libhal_bsp.a(alt_irq_entry.o)
 .debug_info    0x000009f8       0x71 ../dsd_bsp\libhal_bsp.a(alt_exception_entry.o)
 .debug_info    0x00000a69       0x8c c:/altera/12.1/nios2eds/bin/gnu/h-i686-mingw32/bin/../lib/gcc/nios2-elf/4.1.2/../../../../nios2-elf/lib\libc.a(lib_a-int_errno.o)
 .debug_info    0x00000af5      0x106 c:/altera/12.1/nios2eds/bin/gnu/h-i686-mingw32/bin/../lib/gcc/nios2-elf/4.1.2/../../../../nios2-elf/lib\libc.a(lib_a-memcpy.o)

.debug_abbrev   0x00000000      0x6a9
 *(.debug_abbrev)
 .debug_abbrev  0x00000000       0x12 ../dsd_bsp/obj/HAL/src/crt0.o
 .debug_abbrev  0x00000012      0x182 obj/default/hello_world.o
 .debug_abbrev  0x00000194      0x13d c:/altera/12.1/nios2eds/bin/gnu/h-i686-mingw32/bin/../lib/gcc/nios2-elf/4.1.2\libgcc.a(_si_to_sf.o)
 .debug_abbrev  0x000002d1       0xb9 c:/altera/12.1/nios2eds/bin/gnu/h-i686-mingw32/bin/../lib/gcc/nios2-elf/4.1.2\libgcc.a(_clzsi2.o)
 .debug_abbrev  0x0000038a      0x1aa c:/altera/12.1/nios2eds/bin/gnu/h-i686-mingw32/bin/../lib/gcc/nios2-elf/4.1.2\libgcc.a(_pack_sf.o)
 .debug_abbrev  0x00000534       0x61 c:/altera/12.1/nios2eds/bin/gnu/h-i686-mingw32/bin/../lib/gcc/nios2-elf/4.1.2\libgcc.a(_clz.o)
 .debug_abbrev  0x00000595       0x12 ../dsd_bsp\libhal_bsp.a(alt_irq_entry.o)
 .debug_abbrev  0x000005a7       0x12 ../dsd_bsp\libhal_bsp.a(alt_exception_entry.o)
 .debug_abbrev  0x000005b9       0x3b c:/altera/12.1/nios2eds/bin/gnu/h-i686-mingw32/bin/../lib/gcc/nios2-elf/4.1.2/../../../../nios2-elf/lib\libc.a(lib_a-int_errno.o)
 .debug_abbrev  0x000005f4       0xb5 c:/altera/12.1/nios2eds/bin/gnu/h-i686-mingw32/bin/../lib/gcc/nios2-elf/4.1.2/../../../../nios2-elf/lib\libc.a(lib_a-memcpy.o)

.debug_line     0x00000000      0xd76
 *(.debug_line)
 .debug_line    0x00000000       0x5c ../dsd_bsp/obj/HAL/src/crt0.o
 .debug_line    0x0000005c      0x382 obj/default/hello_world.o
 .debug_line    0x000003de      0x187 c:/altera/12.1/nios2eds/bin/gnu/h-i686-mingw32/bin/../lib/gcc/nios2-elf/4.1.2\libgcc.a(_si_to_sf.o)
 .debug_line    0x00000565      0x105 c:/altera/12.1/nios2eds/bin/gnu/h-i686-mingw32/bin/../lib/gcc/nios2-elf/4.1.2\libgcc.a(_clzsi2.o)
 .debug_line    0x0000066a      0x1ca c:/altera/12.1/nios2eds/bin/gnu/h-i686-mingw32/bin/../lib/gcc/nios2-elf/4.1.2\libgcc.a(_pack_sf.o)
 .debug_line    0x00000834       0xaa c:/altera/12.1/nios2eds/bin/gnu/h-i686-mingw32/bin/../lib/gcc/nios2-elf/4.1.2\libgcc.a(_clz.o)
 .debug_line    0x000008de       0x6b ../dsd_bsp\libhal_bsp.a(alt_irq_entry.o)
 .debug_line    0x00000949       0xab ../dsd_bsp\libhal_bsp.a(alt_exception_entry.o)
 .debug_line    0x000009f4      0x1d9 c:/altera/12.1/nios2eds/bin/gnu/h-i686-mingw32/bin/../lib/gcc/nios2-elf/4.1.2/../../../../nios2-elf/lib\libc.a(lib_a-int_errno.o)
 .debug_line    0x00000bcd      0x1a9 c:/altera/12.1/nios2eds/bin/gnu/h-i686-mingw32/bin/../lib/gcc/nios2-elf/4.1.2/../../../../nios2-elf/lib\libc.a(lib_a-memcpy.o)

.debug_frame    0x00000000      0x12c
 *(.debug_frame)
 .debug_frame   0x00000000       0xa4 obj/default/hello_world.o
 .debug_frame   0x000000a4       0x28 c:/altera/12.1/nios2eds/bin/gnu/h-i686-mingw32/bin/../lib/gcc/nios2-elf/4.1.2\libgcc.a(_si_to_sf.o)
 .debug_frame   0x000000cc       0x20 c:/altera/12.1/nios2eds/bin/gnu/h-i686-mingw32/bin/../lib/gcc/nios2-elf/4.1.2\libgcc.a(_clzsi2.o)
 .debug_frame   0x000000ec       0x20 c:/altera/12.1/nios2eds/bin/gnu/h-i686-mingw32/bin/../lib/gcc/nios2-elf/4.1.2\libgcc.a(_pack_sf.o)
 .debug_frame   0x0000010c       0x20 c:/altera/12.1/nios2eds/bin/gnu/h-i686-mingw32/bin/../lib/gcc/nios2-elf/4.1.2/../../../../nios2-elf/lib\libc.a(lib_a-memcpy.o)

.debug_str      0x00000000      0x4d9
 *(.debug_str)
 .debug_str     0x00000000      0x125 obj/default/hello_world.o
                                0x169 (size before relaxing)
 .debug_str     0x00000125      0x14c c:/altera/12.1/nios2eds/bin/gnu/h-i686-mingw32/bin/../lib/gcc/nios2-elf/4.1.2\libgcc.a(_si_to_sf.o)
                                0x1db (size before relaxing)
 .debug_str     0x00000271       0x5d c:/altera/12.1/nios2eds/bin/gnu/h-i686-mingw32/bin/../lib/gcc/nios2-elf/4.1.2\libgcc.a(_clzsi2.o)
                                0x17b (size before relaxing)
 .debug_str     0x000002ce       0x47 c:/altera/12.1/nios2eds/bin/gnu/h-i686-mingw32/bin/../lib/gcc/nios2-elf/4.1.2\libgcc.a(_pack_sf.o)
                                0x1fd (size before relaxing)
 .debug_str     0x00000000      0x15e c:/altera/12.1/nios2eds/bin/gnu/h-i686-mingw32/bin/../lib/gcc/nios2-elf/4.1.2\libgcc.a(_clz.o)
 .debug_str     0x00000315       0xcb c:/altera/12.1/nios2eds/bin/gnu/h-i686-mingw32/bin/../lib/gcc/nios2-elf/4.1.2/../../../../nios2-elf/lib\libc.a(lib_a-int_errno.o)
                                0x160 (size before relaxing)
 .debug_str     0x000003e0       0xf9 c:/altera/12.1/nios2eds/bin/gnu/h-i686-mingw32/bin/../lib/gcc/nios2-elf/4.1.2/../../../../nios2-elf/lib\libc.a(lib_a-memcpy.o)
                                0x125 (size before relaxing)

.debug_loc      0x00000000      0x361
 *(.debug_loc)
 .debug_loc     0x00000000       0xf1 obj/default/hello_world.o
 .debug_loc     0x000000f1       0x8f c:/altera/12.1/nios2eds/bin/gnu/h-i686-mingw32/bin/../lib/gcc/nios2-elf/4.1.2\libgcc.a(_si_to_sf.o)
 .debug_loc     0x00000180       0x1e c:/altera/12.1/nios2eds/bin/gnu/h-i686-mingw32/bin/../lib/gcc/nios2-elf/4.1.2\libgcc.a(_clzsi2.o)
 .debug_loc     0x0000019e       0xf9 c:/altera/12.1/nios2eds/bin/gnu/h-i686-mingw32/bin/../lib/gcc/nios2-elf/4.1.2\libgcc.a(_pack_sf.o)
 .debug_loc     0x00000297       0xca c:/altera/12.1/nios2eds/bin/gnu/h-i686-mingw32/bin/../lib/gcc/nios2-elf/4.1.2/../../../../nios2-elf/lib\libc.a(lib_a-memcpy.o)

.debug_macinfo
 *(.debug_macinfo)

.debug_weaknames
 *(.debug_weaknames)

.debug_funcnames
 *(.debug_funcnames)

.debug_typenames
 *(.debug_typenames)

.debug_varnames
 *(.debug_varnames)

.debug_alt_sim_info
 *(.debug_alt_sim_info)
                0x04800000                __alt_data_end = 0x4800000
                0x04800000                PROVIDE (__alt_stack_pointer, __alt_data_end)
                0x04003794                PROVIDE (__alt_stack_limit, __alt_stack_base)
                0x04003794                PROVIDE (__alt_heap_start, end)
                0x04800000                PROVIDE (__alt_heap_limit, 0x4800000)
OUTPUT(RUN_ON_HDL_SIMULATOR_ONLY_dsd.elf elf32-littlenios2)

.debug_ranges   0x00000000       0xb8
 .debug_ranges  0x00000000       0x20 ../dsd_bsp/obj/HAL/src/crt0.o
 .debug_ranges  0x00000020       0x18 c:/altera/12.1/nios2eds/bin/gnu/h-i686-mingw32/bin/../lib/gcc/nios2-elf/4.1.2\libgcc.a(_si_to_sf.o)
 .debug_ranges  0x00000038       0x28 c:/altera/12.1/nios2eds/bin/gnu/h-i686-mingw32/bin/../lib/gcc/nios2-elf/4.1.2\libgcc.a(_clzsi2.o)
 .debug_ranges  0x00000060       0x28 ../dsd_bsp\libhal_bsp.a(alt_irq_entry.o)
 .debug_ranges  0x00000088       0x30 ../dsd_bsp\libhal_bsp.a(alt_exception_entry.o)
